Warning: QPainter::begin: Paint device returned engine == 0, type: 1
Warning: QPainter::setPen: Painter not active
Warning: QPainter::setBrush: Painter not active
Warning: QPainter::setRenderHint: Painter must be active to set rendering hints
Warning: QPainter::setPen: Painter not active
Debug: "21:47:54 ..\..\src\simpleeventcontroller.cpp:1420 IM: Set Resample Mode" 
Debug: "21:48:00 ..\..\src\simpleeventcontroller.cpp:1420 IM: Set Resample Mode" 
Debug: "21:48:37 ..\..\src\simpleeventcontroller.cpp:1420 IM: Set Resample Mode" 
Debug: "21:48:38 ..\..\src\simpleeventcontroller.cpp:1420 IM: Set Resample Mode" 
Debug: "21:48:39 ..\..\src\simpleeventcontroller.cpp:1517 IO: Adjust Fixed Sample Rate" 
Debug: "21:48:39 ..\..\src\simpleeventcontroller.cpp:1517 IO: Adjust Fixed Sample Rate" 
Debug: "21:48:39 ..\..\src\simpleeventcontroller.cpp:1517 IO: Adjust Fixed Sample Rate" 
Debug: "21:48:40 ..\..\src\simpleeventcontroller.cpp:1517 IO: Adjust Fixed Sample Rate" 
Debug: "21:48:40 ..\..\src\simpleeventcontroller.cpp:1517 IO: Adjust Fixed Sample Rate" 
Debug: "21:48:40 ..\..\src\simpleeventcontroller.cpp:1517 IO: Adjust Fixed Sample Rate" 
Debug: "21:48:40 ..\..\src\simpleeventcontroller.cpp:1517 IO: Adjust Fixed Sample Rate" 
Debug: "21:48:42 ..\..\src\simpleeventcontroller.cpp:1517 IO: Adjust Fixed Sample Rate" 
Debug: "21:48:42 ..\..\src\simpleeventcontroller.cpp:1517 IO: Adjust Fixed Sample Rate" 
Debug: "21:48:42 ..\..\src\simpleeventcontroller.cpp:1517 IO: Adjust Fixed Sample Rate" 
Debug: "21:48:42 ..\..\src\simpleeventcontroller.cpp:1517 IO: Adjust Fixed Sample Rate" 
Debug: "21:48:42 ..\..\src\simpleeventcontroller.cpp:1517 IO: Adjust Fixed Sample Rate" 
Debug: "21:48:42 ..\..\src\simpleeventcontroller.cpp:1517 IO: Adjust Fixed Sample Rate" 
Debug: "21:48:42 ..\..\src\simpleeventcontroller.cpp:1517 IO: Adjust Fixed Sample Rate" 
Debug: "21:48:42 ..\..\src\simpleeventcontroller.cpp:1517 IO: Adjust Fixed Sample Rate" 
Debug: "21:48:42 ..\..\src\simpleeventcontroller.cpp:1517 IO: Adjust Fixed Sample Rate" 
Debug: "21:48:43 ..\..\src\simpleeventcontroller.cpp:1517 IO: Adjust Fixed Sample Rate" 
Debug: "21:48:43 ..\..\src\simpleeventcontroller.cpp:1517 IO: Adjust Fixed Sample Rate" 
Debug: "21:48:43 ..\..\src\simpleeventcontroller.cpp:1517 IO: Adjust Fixed Sample Rate" 
Debug: "21:48:43 ..\..\src\simpleeventcontroller.cpp:1517 IO: Adjust Fixed Sample Rate" 
Debug: "21:48:43 ..\..\src\simpleeventcontroller.cpp:1517 IO: Adjust Fixed Sample Rate" 
Debug: "21:48:43 ..\..\src\simpleeventcontroller.cpp:1517 IO: Adjust Fixed Sample Rate" 
Debug: "21:48:43 ..\..\src\simpleeventcontroller.cpp:1517 IO: Adjust Fixed Sample Rate" 
Debug: "21:48:43 ..\..\src\simpleeventcontroller.cpp:1517 IO: Adjust Fixed Sample Rate" 
Debug: "21:48:43 ..\..\src\simpleeventcontroller.cpp:1517 IO: Adjust Fixed Sample Rate" 
Debug: "21:48:43 ..\..\src\simpleeventcontroller.cpp:1517 IO: Adjust Fixed Sample Rate" 
Debug: "21:48:43 ..\..\src\simpleeventcontroller.cpp:1517 IO: Adjust Fixed Sample Rate" 
Debug: "21:48:43 ..\..\src\simpleeventcontroller.cpp:1517 IO: Adjust Fixed Sample Rate" 
Debug: "21:48:43 ..\..\src\simpleeventcontroller.cpp:1517 IO: Adjust Fixed Sample Rate" 
Debug: "21:48:43 ..\..\src\simpleeventcontroller.cpp:1517 IO: Adjust Fixed Sample Rate" 
Debug: "21:48:43 ..\..\src\simpleeventcontroller.cpp:1517 IO: Adjust Fixed Sample Rate" 
Debug: "21:48:43 ..\..\src\simpleeventcontroller.cpp:1517 IO: Adjust Fixed Sample Rate" 
Debug: "21:48:43 ..\..\src\simpleeventcontroller.cpp:1517 IO: Adjust Fixed Sample Rate" 
Debug: "21:48:43 ..\..\src\simpleeventcontroller.cpp:1517 IO: Adjust Fixed Sample Rate" 
Debug: "21:48:43 ..\..\src\simpleeventcontroller.cpp:1517 IO: Adjust Fixed Sample Rate" 
Debug: "21:48:43 ..\..\src\simpleeventcontroller.cpp:1517 IO: Adjust Fixed Sample Rate" 
Debug: "21:48:43 ..\..\src\simpleeventcontroller.cpp:1517 IO: Adjust Fixed Sample Rate" 
Debug: "21:48:44 ..\..\src\simpleeventcontroller.cpp:1517 IO: Adjust Fixed Sample Rate" 
Debug: "21:48:44 ..\..\src\simpleeventcontroller.cpp:1517 IO: Adjust Fixed Sample Rate" 
Debug: "21:48:44 ..\..\src\simpleeventcontroller.cpp:1517 IO: Adjust Fixed Sample Rate" 
Debug: "21:48:44 ..\..\src\simpleeventcontroller.cpp:1517 IO: Adjust Fixed Sample Rate" 
Debug: "21:48:44 ..\..\src\simpleeventcontroller.cpp:1517 IO: Adjust Fixed Sample Rate" 
Debug: "21:48:44 ..\..\src\simpleeventcontroller.cpp:1517 IO: Adjust Fixed Sample Rate" 
Debug: "21:48:44 ..\..\src\simpleeventcontroller.cpp:1517 IO: Adjust Fixed Sample Rate" 
Debug: "21:48:44 ..\..\src\simpleeventcontroller.cpp:1517 IO: Adjust Fixed Sample Rate" 
Debug: "21:48:44 ..\..\src\simpleeventcontroller.cpp:1517 IO: Adjust Fixed Sample Rate" 
Debug: "21:48:44 ..\..\src\simpleeventcontroller.cpp:1517 IO: Adjust Fixed Sample Rate" 
Debug: "21:48:44 ..\..\src\simpleeventcontroller.cpp:1517 IO: Adjust Fixed Sample Rate" 
Debug: "21:48:44 ..\..\src\simpleeventcontroller.cpp:1517 IO: Adjust Fixed Sample Rate" 
Debug: "21:48:44 ..\..\src\simpleeventcontroller.cpp:1517 IO: Adjust Fixed Sample Rate" 
Debug: "21:48:44 ..\..\src\simpleeventcontroller.cpp:1517 IO: Adjust Fixed Sample Rate" 
Debug: "21:48:44 ..\..\src\simpleeventcontroller.cpp:1517 IO: Adjust Fixed Sample Rate" 
Debug: "21:48:44 ..\..\src\simpleeventcontroller.cpp:1517 IO: Adjust Fixed Sample Rate" 
Debug: "21:48:44 ..\..\src\simpleeventcontroller.cpp:1517 IO: Adjust Fixed Sample Rate" 
Debug: "21:48:44 ..\..\src\simpleeventcontroller.cpp:1517 IO: Adjust Fixed Sample Rate" 
Debug: "21:48:44 ..\..\src\simpleeventcontroller.cpp:1517 IO: Adjust Fixed Sample Rate" 
Debug: "21:48:44 ..\..\src\simpleeventcontroller.cpp:1517 IO: Adjust Fixed Sample Rate" 
Debug: "21:48:44 ..\..\src\simpleeventcontroller.cpp:1517 IO: Adjust Fixed Sample Rate" 
Debug: "21:48:44 ..\..\src\simpleeventcontroller.cpp:1517 IO: Adjust Fixed Sample Rate" 
Debug: "21:48:44 ..\..\src\simpleeventcontroller.cpp:1517 IO: Adjust Fixed Sample Rate" 
Debug: "21:48:45 ..\..\src\simpleeventcontroller.cpp:1517 IO: Adjust Fixed Sample Rate" 
Debug: "21:48:45 ..\..\src\simpleeventcontroller.cpp:1517 IO: Adjust Fixed Sample Rate" 
Debug: "21:48:45 ..\..\src\simpleeventcontroller.cpp:1517 IO: Adjust Fixed Sample Rate" 
Debug: "21:48:45 ..\..\src\simpleeventcontroller.cpp:1517 IO: Adjust Fixed Sample Rate" 
Debug: "21:48:45 ..\..\src\simpleeventcontroller.cpp:1517 IO: Adjust Fixed Sample Rate" 
Debug: "21:48:45 ..\..\src\simpleeventcontroller.cpp:1517 IO: Adjust Fixed Sample Rate" 
Debug: "21:48:45 ..\..\src\simpleeventcontroller.cpp:1517 IO: Adjust Fixed Sample Rate" 
Debug: "21:48:45 ..\..\src\simpleeventcontroller.cpp:1517 IO: Adjust Fixed Sample Rate" 
Debug: "21:48:46 ..\..\src\simpleeventcontroller.cpp:1517 IO: Adjust Fixed Sample Rate" 
Debug: "21:48:46 ..\..\src\simpleeventcontroller.cpp:1517 IO: Adjust Fixed Sample Rate" 
Debug: "21:48:49 ..\..\src\simpleeventcontroller.cpp:1420 IM: Set Resample Mode" 
